
 SERVER

 Start     Length     Name                   Class
 0001:0000 00DF6H     SERVER_TEXT            CODE
 0001:0DF6 00095H     _TEXT                  CODE
 0002:0000 00010H     NULL                   BEGDATA
 0002:0010 0019AH     _DATA                  DATA
 0002:01AA 00000H     CONST                  CONST
 0002:01AA 00072H     _BSS                   BSS
 0002:0220 00142H     c_common               BSS
 0002:0370 01000H     STACK                  STACK

 Origin   Group
 0002:0   DGROUP

 Address   Export                  Alias

 0001:027E ServWndProc             ServWndProc

  Address         Publics by Name

 0001:0C58       CCHLPSZLEN
 0002:034E       CFCSV
 0002:022E       CFFORMAT
 0001:09A2       CHANGEQUOTE
 0002:0118       CSCROLL
 0001:0000       DOCOMMAND
 0000:0000  Imp  DOSALLOCSEG          (DOSCALLS.34)
 0000:0000  Imp  DOSEXIT              (DOSCALLS.5)
 0000:0000  Imp  DOSFREESEG           (DOSCALLS.39)
 0001:0CCA       FLPSZEQ
 0002:0344       FQUIT
 0002:0358       FSTOCKADVISED
 0002:0220       FWAITACK
 0001:0924       GETQUOTE
 0001:0A2C       GOTTIMER
 0000:0000  Imp  GPIQUERYATTRS        (PMGPI.98)
 0000:0000  Imp  GPIQUERYFONTMETRICS  (PMGPI.159)
 0000:0000  Imp  GPISETATTRS          (PMGPI.97)
 0002:033C       HAB
 0001:0B8A       HCHNLCREATE
 0002:0340       HCHNLSTOCKINFO
 0002:034A       HCHNLSYSTEM
 0002:022A       HMQSERVER
 0002:0338       HWNDCLIENT
 0002:0346       HWNDSERVER
 0002:0354       HWNDSERVERFRAME
 0002:0350       HWNDSYSTEM
 0001:0BD4       LPDDEALLOC
 0001:0C92       LPSZCOPY
 0001:00C6       OS2MAIN
 0002:01A8       psEnvironment
 0002:000E       pStackBot
 0002:000C       pStackMin
 0002:000A       pStackTop
 0001:0D98       RANDOM
 0001:0D32       RANDOM2
 0001:0D52       RANDOMIZE
 0002:012E       RGPFNCMDS
 0002:011A       RGSZITEM
 0001:0036       SERVERINIT
 0001:087C       SERVERPAINT
 0001:027E       ServWndProc
 0002:00FE       SZAPPNAME
 0002:0238       SZMARQUEE
 0002:00F6       SZSERVERCLASS
 0002:0124       SZSTOCK
 0002:0110       SZSYSTEM
 0002:0106       SZTOPIC
 0000:0000  Imp  WINADDATOM           (PMWIN.235)
 0000:0000  Imp  WINALARM             (PMWIN.138)
 0000:0000  Imp  WINBEGINPAINT        (PMWIN.45)
 0000:0000  Imp  WINCREATEMSGQUEUE    (PMWIN.58)
 0000:0000  Imp  WINCREATESTDWINDOW   (PMWIN.140)
 0000:0000  Imp  WINCREATEWINDOW      (PMWIN.6)
 0000:0000  Imp  WINDDEPOSTMSG        (PMWIN.299)
 0000:0000  Imp  WINDDERESPOND        (PMWIN.298)
 0000:0000  Imp  WINDEFWINDOWPROC     (PMWIN.178)
 0000:0000  Imp  WINDESTROYMSGQUEUE   (PMWIN.59)
 0000:0000  Imp  WINDESTROYWINDOW     (PMWIN.7)
 0000:0000  Imp  WINDISPATCHMSG       (PMWIN.68)
 0000:0000  Imp  WINDRAWTEXT          (PMWIN.267)
 0000:0000  Imp  WINENDPAINT          (PMWIN.46)
 0000:0000  Imp  WINGETMSG            (PMWIN.65)
 0000:0000  Imp  WINGETPS             (PMWIN.43)
 0000:0000  Imp  WININITIALIZE        (PMWIN.246)
 0000:0000  Imp  WININVALIDATERECT    (PMWIN.47)
 0000:0000  Imp  WINQUERYSYSTEMATOMTABLE (PMWIN.241)
 0000:0000  Imp  WINQUERYWINDOWRECT   (PMWIN.26)
 0000:0000  Imp  WINREGISTERCLASS     (PMWIN.3)
 0000:0000  Imp  WINRELEASEPS         (PMWIN.44)
 0000:0000  Imp  WINSENDMSG           (PMWIN.61)
 0000:0000  Imp  WINSETFOCUS          (PMWIN.77)
 0000:0000  Imp  WINSETWINDOWPOS      (PMWIN.8)
 0000:0000  Imp  WINSHOWWINDOW        (PMWIN.13)
 0000:0000  Imp  WINSTARTTIMER        (PMWIN.84)
 0000:0000  Imp  WINSTOPTIMER         (PMWIN.85)
 0000:0000  Imp  WINTERMINATE         (PMWIN.247)
 0002:01AA       _edata
 0002:0370       _end
 0001:0E1F       _exit
 0000:9876  Abs  __acrtused
 0001:0E2A       __aFlmul
 0001:0E80       __aFlshl
 0001:0E5E       __aFNalshl
 0001:0E2A       __aFulmul
 0001:0E06       __astart
 0001:0E1F       __exit

  Address         Publics by Value

 0000:0000  Imp  WINCREATEWINDOW      (PMWIN.6)
 0000:0000  Imp  WINCREATEMSGQUEUE    (PMWIN.58)
 0000:0000  Imp  GPISETATTRS          (PMGPI.97)
 0000:0000  Imp  DOSFREESEG           (DOSCALLS.39)
 0000:0000  Imp  DOSALLOCSEG          (DOSCALLS.34)
 0000:0000  Imp  WINSENDMSG           (PMWIN.61)
 0000:0000  Imp  WINQUERYSYSTEMATOMTABLE (PMWIN.241)
 0000:0000  Imp  WININITIALIZE        (PMWIN.246)
 0000:0000  Imp  WINGETPS             (PMWIN.43)
 0000:0000  Imp  WINRELEASEPS         (PMWIN.44)
 0000:0000  Imp  DOSEXIT              (DOSCALLS.5)
 0000:0000  Imp  WINDDERESPOND        (PMWIN.298)
 0000:0000  Imp  WINDEFWINDOWPROC     (PMWIN.178)
 0000:0000  Imp  WINDISPATCHMSG       (PMWIN.68)
 0000:0000  Imp  WINDDEPOSTMSG        (PMWIN.299)
 0000:0000  Imp  WINSETFOCUS          (PMWIN.77)
 0000:0000  Imp  WINBEGINPAINT        (PMWIN.45)
 0000:0000  Imp  WINCREATESTDWINDOW   (PMWIN.140)
 0000:0000  Imp  WINENDPAINT          (PMWIN.46)
 0000:0000  Imp  WINGETMSG            (PMWIN.65)
 0000:0000  Imp  WINALARM             (PMWIN.138)
 0000:0000  Imp  WININVALIDATERECT    (PMWIN.47)
 0000:0000  Imp  WINSETWINDOWPOS      (PMWIN.8)
 0000:0000  Imp  WINSTARTTIMER        (PMWIN.84)
 0000:0000  Imp  WINADDATOM           (PMWIN.235)
 0000:0000  Imp  WINSTOPTIMER         (PMWIN.85)
 0000:0000  Imp  GPIQUERYFONTMETRICS  (PMGPI.159)
 0000:0000  Imp  WINSHOWWINDOW        (PMWIN.13)
 0000:0000  Imp  WINTERMINATE         (PMWIN.247)
 0000:0000  Imp  WINDRAWTEXT          (PMWIN.267)
 0000:0000  Imp  WINDESTROYMSGQUEUE   (PMWIN.59)
 0000:0000  Imp  WINDESTROYWINDOW     (PMWIN.7)
 0000:0000  Imp  WINREGISTERCLASS     (PMWIN.3)
 0000:0000  Imp  WINQUERYWINDOWRECT   (PMWIN.26)
 0000:0000  Imp  GPIQUERYATTRS        (PMGPI.98)
 0000:9876  Abs  __acrtused
 0001:0000       DOCOMMAND
 0001:0036       SERVERINIT
 0001:00C6       OS2MAIN
 0001:027E       ServWndProc
 0001:087C       SERVERPAINT
 0001:0924       GETQUOTE
 0001:09A2       CHANGEQUOTE
 0001:0A2C       GOTTIMER
 0001:0B8A       HCHNLCREATE
 0001:0BD4       LPDDEALLOC
 0001:0C58       CCHLPSZLEN
 0001:0C92       LPSZCOPY
 0001:0CCA       FLPSZEQ
 0001:0D32       RANDOM2
 0001:0D52       RANDOMIZE
 0001:0D98       RANDOM
 0001:0E06       __astart
 0001:0E1F       __exit
 0001:0E1F       _exit
 0001:0E2A       __aFulmul
 0001:0E2A       __aFlmul
 0001:0E5E       __aFNalshl
 0001:0E80       __aFlshl
 0002:000A       pStackTop
 0002:000C       pStackMin
 0002:000E       pStackBot
 0002:00F6       SZSERVERCLASS
 0002:00FE       SZAPPNAME
 0002:0106       SZTOPIC
 0002:0110       SZSYSTEM
 0002:0118       CSCROLL
 0002:011A       RGSZITEM
 0002:0124       SZSTOCK
 0002:012E       RGPFNCMDS
 0002:01A8       psEnvironment
 0002:01AA       _edata
 0002:0220       FWAITACK
 0002:022A       HMQSERVER
 0002:022E       CFFORMAT
 0002:0238       SZMARQUEE
 0002:0338       HWNDCLIENT
 0002:033C       HAB
 0002:0340       HCHNLSTOCKINFO
 0002:0344       FQUIT
 0002:0346       HWNDSERVER
 0002:034A       HCHNLSYSTEM
 0002:034E       CFCSV
 0002:0350       HWNDSYSTEM
 0002:0354       HWNDSERVERFRAME
 0002:0358       FSTOCKADVISED
 0002:0370       _end

Program entry point at 0001:0E06
